******************************************************************************
                  TI ARM Linker PC v20.2.7                     
******************************************************************************
>> Linked Sat Aug 31 17:28:32 2024

OUTPUT FILE NAME:   <AUTOSAR_Final_Project.out>
ENTRY POINT SYMBOL: "_c_int00_noargs"  address: 00001231


MEMORY CONFIGURATION

         name            origin    length      used     unused   attr    fill
----------------------  --------  ---------  --------  --------  ----  --------
  FLASH                 00000000   00040000  000012fe  0003ed02  R  X
  SRAM                  20000000   00008000  00000218  00007de8  RW X


SEGMENT ALLOCATION MAP

run origin  load origin   length   init length attrs members
----------  ----------- ---------- ----------- ----- -------
00000000    00000000    00001304   00001304    r-x
  00000000    00000000    0000026c   0000026c    r-- .intvecs
  0000026c    0000026c    0000105a   0000105a    r-x .text
  000012c6    000012c6    00000014   00000014    r-- .const
  000012e0    000012e0    00000024   00000024    r-- .cinit
20000000    20000000    00000218   00000000    rw-
  20000000    20000000    00000200   00000000    rw- .stack
  20000200    20000200    00000018   00000000    rw- .data


SECTION ALLOCATION MAP

 output                                  attributes/
section   page    origin      length       input sections
--------  ----  ----------  ----------   ----------------
.intvecs   0    00000000    0000026c     
                  00000000    0000026c     tm4c123gh6pm_startup_ccs.obj (.intvecs)

.text      0    0000026c    0000105a     
                  0000026c    00000934     Port.obj (.text)
                  00000ba0    0000030c     Dio.obj (.text)
                  00000eac    000000a8     Os.obj (.text)
                  00000f54    0000009c     rtsv7M4_T_le_v4SPD16_eabi.lib : memcpy_t2.asm.obj (.text)
                  00000ff0    0000007c     Button.obj (.text)
                  0000106c    0000007c     Gpt.obj (.text)
                  000010e8    00000068     rtsv7M4_T_le_v4SPD16_eabi.lib : copy_decompress_lzss.c.obj (.text:decompress:lzss:__TI_decompress_lzss)
                  00001150    0000005c     App.obj (.text)
                  000011ac    00000044     rtsv7M4_T_le_v4SPD16_eabi.lib : autoinit.c.obj (.text:__TI_auto_init_nobinit_nopinit:__TI_auto_init_nobinit_nopinit)
                  000011f0    0000003e     Led.obj (.text)
                  0000122e    00000002     --HOLE-- [fill = 0]
                  00001230    00000034     rtsv7M4_T_le_v4SPD16_eabi.lib : boot_cortex_m.c.obj (.text:_c_int00_noargs:_c_int00_noargs)
                  00001264    00000020     Mcu.obj (.text)
                  00001284    00000016     Det.obj (.text)
                  0000129a    0000000e     rtsv7M4_T_le_v4SPD16_eabi.lib : copy_decompress_none.c.obj (.text:decompress:none:__TI_decompress_none)
                  000012a8    0000000c     tm4c123gh6pm_startup_ccs.obj (.text)
                  000012b4    0000000a     main.obj (.text)
                  000012be    00000004     rtsv7M4_T_le_v4SPD16_eabi.lib : pre_init.c.obj (.text:_system_pre_init)
                  000012c2    00000004                                   : exit.c.obj (.text:abort:abort)

.const     0    000012c6    00000014     
                  000012c6    00000010     Port_PBcfg.obj (.const:Port_Configuration)
                  000012d6    00000004     Dio_PBcfg.obj (.const:Dio_Configuration)

.cinit     0    000012e0    00000024     
                  000012e0    00000011     (.cinit..data.load) [load image, compression = lzss]
                  000012f1    00000003     --HOLE-- [fill = 0]
                  000012f4    00000008     (__TI_handler_table)
                  000012fc    00000008     (__TI_cinit_table)

.init_array 
*          0    00000000    00000000     UNINITIALIZED

.data      0    20000200    00000018     UNINITIALIZED
                  20000200    00000008     Port.obj (.data)
                  20000208    00000005     Dio.obj (.data)
                  2000020d    00000003     Button.obj (.data)
                  20000210    00000004     Gpt.obj (.data)
                  20000214    00000002     App.obj (.data)
                  20000216    00000002     Os.obj (.data)

.stack     0    20000000    00000200     UNINITIALIZED
                  20000000    00000004     rtsv7M4_T_le_v4SPD16_eabi.lib : boot_cortex_m.c.obj (.stack)
                  20000004    000001fc     --HOLE--

__llvm_prf_cnts 
*          0    20000000    00000000     UNINITIALIZED

MODULE SUMMARY

       Module                         code   ro data   rw data
       ------                         ----   -------   -------
    .\
       Port.obj                       2356   0         8      
       Dio.obj                        780    0         5      
       tm4c123gh6pm_startup_ccs.obj   12     620       0      
       Os.obj                         168    0         2      
       Gpt.obj                        124    0         4      
       Button.obj                     124    0         3      
       App.obj                        92     0         2      
       Led.obj                        62     0         0      
       Mcu.obj                        32     0         0      
       Det.obj                        22     0         0      
       Port_PBcfg.obj                 0      16        0      
       main.obj                       10     0         0      
       Dio_PBcfg.obj                  0      4         0      
    +--+------------------------------+------+---------+---------+
       Total:                         3782   640       24     
                                                              
    C:\ti\ccs1271\ccs\tools\compiler\ti-cgt-arm_20.2.7.LTS\lib\rtsv7M4_T_le_v4SPD16_eabi.lib
       memcpy_t2.asm.obj              156    0         0      
       copy_decompress_lzss.c.obj     104    0         0      
       autoinit.c.obj                 68     0         0      
       boot_cortex_m.c.obj            52     0         0      
       copy_decompress_none.c.obj     14     0         0      
       exit.c.obj                     4      0         0      
       pre_init.c.obj                 4      0         0      
    +--+------------------------------+------+---------+---------+
       Total:                         402    0         0      
                                                              
       Stack:                         0      0         512    
       Linker Generated:              0      33        0      
    +--+------------------------------+------+---------+---------+
       Grand Total:                   4184   673       536    


LINKER GENERATED COPY TABLES

__TI_cinit_table @ 000012fc records: 1, size/record: 8, table size: 8
	.data: load addr=000012e0, load size=00000011 bytes, run addr=20000200, run size=00000018 bytes, compression=lzss


LINKER GENERATED HANDLER TABLE

__TI_handler_table @ 000012f4 records: 2, size/record: 4, table size: 8
	index: 0, handler: __TI_decompress_lzss
	index: 1, handler: __TI_decompress_none


GLOBAL SYMBOLS: SORTED ALPHABETICALLY BY Name 

address   name                          
-------   ----                          
00001175  App_Task                      
00000ff1  Button_GetState               
00000ff7  Button_RefreshState           
00001165  Button_Task                   
000012c3  C$$EXIT                       
00001285  Det_ReportError               
000012d6  Dio_Configuration             
00000d7f  Dio_FlipChannel               
00000ba1  Dio_Init                      
00000ca5  Dio_ReadChannel               
00000bc5  Dio_WriteChannel              
00001151  Init_Task                     
00001209  Led_RefreshOutput             
000011fd  Led_SetOff                    
000011f1  Led_SetOn                     
0000116d  Led_Task                      
00001221  Led_Toggle                    
00001265  Mcu_Init                      
00000ec7  Os_NewTimerTick               
00000ed7  Os_Scheduler                  
00000ead  Os_start                      
000012c6  Port_Configuration            
000008f9  Port_GetVersionInfo           
0000026d  Port_Init                     
000007e7  Port_RefreshPortDirection     
000006c1  Port_SetPinDirection          
00000941  Port_SetPinMode               
000012a9  ResetISR                      
0000106d  SysTick_Handler               
000010c5  SysTick_SetCallBack           
0000107d  SysTick_Start                 
000010bd  SysTick_Stop                  
20000200  __STACK_END                   
00000200  __STACK_SIZE                  
20000200  __STACK_TOP                   
000012fc  __TI_CINIT_Base               
00001304  __TI_CINIT_Limit              
000012f4  __TI_Handler_Table_Base       
000012fc  __TI_Handler_Table_Limit      
000011ad  __TI_auto_init_nobinit_nopinit
000010e9  __TI_decompress_lzss          
0000129b  __TI_decompress_none          
ffffffff  __TI_pprof_out_hndl           
ffffffff  __TI_prof_data_size           
ffffffff  __TI_prof_data_start          
00000000  __TI_static_base__            
00000f55  __aeabi_memcpy                
00000f55  __aeabi_memcpy4               
00000f55  __aeabi_memcpy8               
ffffffff  __binit__                     
ffffffff  __c_args__                    
UNDEFED   __mpu_init                    
20000000  __stack                       
20000000  __start___llvm_prf_cnts       
20000000  __stop___llvm_prf_cnts        
00001231  _c_int00_noargs               
UNDEFED   _system_post_cinit            
000012bf  _system_pre_init              
000012c3  abort                         
ffffffff  binit                         
00000000  g_pfnVectors                  
000012b5  main                          
00000f55  memcpy                        


GLOBAL SYMBOLS: SORTED BY Symbol Address 

address   name                          
-------   ----                          
00000000  __TI_static_base__            
00000000  g_pfnVectors                  
00000200  __STACK_SIZE                  
0000026d  Port_Init                     
000006c1  Port_SetPinDirection          
000007e7  Port_RefreshPortDirection     
000008f9  Port_GetVersionInfo           
00000941  Port_SetPinMode               
00000ba1  Dio_Init                      
00000bc5  Dio_WriteChannel              
00000ca5  Dio_ReadChannel               
00000d7f  Dio_FlipChannel               
00000ead  Os_start                      
00000ec7  Os_NewTimerTick               
00000ed7  Os_Scheduler                  
00000f55  __aeabi_memcpy                
00000f55  __aeabi_memcpy4               
00000f55  __aeabi_memcpy8               
00000f55  memcpy                        
00000ff1  Button_GetState               
00000ff7  Button_RefreshState           
0000106d  SysTick_Handler               
0000107d  SysTick_Start                 
000010bd  SysTick_Stop                  
000010c5  SysTick_SetCallBack           
000010e9  __TI_decompress_lzss          
00001151  Init_Task                     
00001165  Button_Task                   
0000116d  Led_Task                      
00001175  App_Task                      
000011ad  __TI_auto_init_nobinit_nopinit
000011f1  Led_SetOn                     
000011fd  Led_SetOff                    
00001209  Led_RefreshOutput             
00001221  Led_Toggle                    
00001231  _c_int00_noargs               
00001265  Mcu_Init                      
00001285  Det_ReportError               
0000129b  __TI_decompress_none          
000012a9  ResetISR                      
000012b5  main                          
000012bf  _system_pre_init              
000012c3  C$$EXIT                       
000012c3  abort                         
000012c6  Port_Configuration            
000012d6  Dio_Configuration             
000012f4  __TI_Handler_Table_Base       
000012fc  __TI_CINIT_Base               
000012fc  __TI_Handler_Table_Limit      
00001304  __TI_CINIT_Limit              
20000000  __stack                       
20000000  __start___llvm_prf_cnts       
20000000  __stop___llvm_prf_cnts        
20000200  __STACK_END                   
20000200  __STACK_TOP                   
ffffffff  __TI_pprof_out_hndl           
ffffffff  __TI_prof_data_size           
ffffffff  __TI_prof_data_start          
ffffffff  __binit__                     
ffffffff  __c_args__                    
ffffffff  binit                         
UNDEFED   __mpu_init                    
UNDEFED   _system_post_cinit            

[63 symbols]
